// Jest Snapshot v1, https://goo.gl/fbAQLP

exports[`jest snapshots 1`] = `
<div
  class="slider__flags"
>
  
    
  <span
    class="slider__flag slider__flag--min"
    style="left:0%"
  >
    0
  </span>
  
    
  <span
    class="slider__flag slider__flag--max"
    data-testid="flagHorizontalRange"
    style="left:100%"
  >
    100
  </span>
  
    
</div>
`;
