// Jest Snapshot v1, https://goo.gl/fbAQLP

exports[`jest snapshots 1`] = `
<div
  class="slider__list"
>
  
          
  <div
    class="slider__item"
    data-testid="scale-horizontal"
  >
    |
            
    <span
      class="slider__item--number slider__item--min"
    >
      0
    </span>
    
          
  </div>
  
        
  <div
    class="slider__item"
  >
    |
  </div>
  <div
    class="slider__item"
  >
    |
  </div>
  <div
    class="slider__item"
  >
    |
  </div>
  <div
    class="slider__item"
  >
    |
  </div>
  <div
    class="slider__item"
  >
    |
  </div>
  <div
    class="slider__item"
  >
    |
  </div>
  <div
    class="slider__item"
  >
    |
  </div>
  <div
    class="slider__item"
  >
    |
  </div>
  <div
    class="slider__item"
  >
    |
  </div>
  <div
    class="slider__item"
  >
    |
  </div>
  <div
    class="slider__item"
  >
    |
  </div>
  <div
    class="slider__item"
  >
    |
  </div>
  <div
    class="slider__item"
  >
    |
  </div>
  <div
    class="slider__item"
  >
    |
  </div>
  <div
    class="slider__item"
  >
    |
  </div>
  <div
    class="slider__item"
  >
    |
  </div>
  <div
    class="slider__item"
  >
    |
  </div>
  <div
    class="slider__item"
  >
    |
  </div>
  <div
    class="slider__item"
  >
    |
  </div>
  <div
    class="slider__item"
  >
    |
  </div>
  <div
    class="slider__item"
  >
    |
  </div>
  <div
    class="slider__item"
  >
    |
  </div>
  <div
    class="slider__item"
  >
    |
  </div>
  <div
    class="slider__item"
  >
    |
  </div>
  <div
    class="slider__item"
  >
    |
  </div>
  <div
    class="slider__item"
  >
    |
  </div>
  <div
    class="slider__item"
  >
    |
  </div>
  <div
    class="slider__item"
  >
    |
  </div>
  <div
    class="slider__item"
  >
    |
  </div>
  <div
    class="slider__item"
  >
    |
  </div>
  <div
    class="slider__item"
  >
    |
  </div>
  <div
    class="slider__item"
  >
    |
  </div>
  <div
    class="slider__item"
  >
    |
  </div>
  <div
    class="slider__item"
  >
    |
  </div>
  <div
    class="slider__item"
  >
    |
  </div>
  <div
    class="slider__item"
  >
    |
  </div>
  <div
    class="slider__item"
  >
    |
  </div>
  <div
    class="slider__item"
  >
    |
  </div>
  <div
    class="slider__item"
  >
    |
  </div>
  <div
    class="slider__item"
  >
    |
  </div>
  <div
    class="slider__item"
  >
    |
  </div>
  <div
    class="slider__item"
  >
    |
  </div>
  <div
    class="slider__item"
  >
    |
  </div>
  <div
    class="slider__item"
  >
    |
  </div>
  <div
    class="slider__item"
  >
    |
  </div>
  <div
    class="slider__item"
  >
    |
  </div>
  <div
    class="slider__item"
  >
    |
  </div>
  <div
    class="slider__item"
  >
    |
  </div>
  <div
    class="slider__item"
  >
    |
  </div>
  <div
    class="slider__item"
  >
    |
  </div>
  <div
    class="slider__item"
  >
    |
  </div>
  <div
    class="slider__item"
  >
    |
  </div>
  <div
    class="slider__item"
  >
    |
  </div>
  <div
    class="slider__item"
  >
    |
  </div>
  <div
    class="slider__item"
  >
    |
  </div>
  <div
    class="slider__item"
  >
    |
  </div>
  <div
    class="slider__item"
  >
    |
  </div>
  <div
    class="slider__item"
  >
    |
  </div>
  <div
    class="slider__item"
  >
    |
  </div>
  <div
    class="slider__item"
  >
    |
  </div>
  <div
    class="slider__item"
  >
    |
  </div>
  <div
    class="slider__item"
  >
    |
  </div>
  <div
    class="slider__item"
  >
    |
  </div>
  <div
    class="slider__item"
  >
    |
  </div>
  <div
    class="slider__item"
  >
    |
  </div>
  <div
    class="slider__item"
  >
    |
  </div>
  <div
    class="slider__item"
  >
    |
  </div>
  <div
    class="slider__item"
  >
    |
  </div>
  <div
    class="slider__item"
  >
    |
  </div>
  <div
    class="slider__item"
  >
    |
  </div>
  <div
    class="slider__item"
  >
    |
  </div>
  <div
    class="slider__item"
  >
    |
  </div>
  <div
    class="slider__item"
  >
    |
  </div>
  <div
    class="slider__item"
  >
    |
  </div>
  <div
    class="slider__item"
  >
    |
  </div>
  <div
    class="slider__item"
  >
    |
  </div>
  <div
    class="slider__item"
  >
    |
  </div>
  <div
    class="slider__item"
  >
    |
  </div>
  <div
    class="slider__item"
  >
    |
  </div>
  <div
    class="slider__item"
  >
    |
  </div>
  <div
    class="slider__item"
  >
    |
  </div>
  <div
    class="slider__item"
  >
    |
  </div>
  <div
    class="slider__item"
  >
    |
  </div>
  <div
    class="slider__item"
  >
    |
  </div>
  <div
    class="slider__item"
  >
    |
  </div>
  <div
    class="slider__item"
  >
    |
  </div>
  <div
    class="slider__item"
  >
    |
  </div>
  <div
    class="slider__item"
  >
    |
  </div>
  <div
    class="slider__item"
  >
    |
  </div>
  <div
    class="slider__item"
  >
    |
  </div>
  <div
    class="slider__item"
  >
    |
  </div>
  <div
    class="slider__item"
  >
    |
  </div>
  <div
    class="slider__item"
  >
    |
  </div>
  <div
    class="slider__item"
  >
    |
  </div>
  <div
    class="slider__item"
  >
    |
  </div>
  <div
    class="slider__item"
  >
    |
  </div>
  <div
    class="slider__item"
  >
    |
  </div>
  <div
    class="slider__item"
  >
    |
  </div>
  <div
    class="slider__item"
  >
    |
  </div>
  
          
  <div
    class="slider__item"
  >
    |
            
    <span
      class="slider__item--number slider__item--max"
    >
      100
    </span>
    
          
  </div>
  
        
</div>
`;
