// Jest Snapshot v1, https://goo.gl/fbAQLP

exports[`jest snapshots 1`] = `
<div
  class="slider__wrapper"
>
  
      
  <div
    class="slider__inner"
    data-testid="slider-range"
  >
    
        
    <div
      class="slider__scale"
    >
      
          
      <div
        class="slider__bar"
        style="margin-left:0%;margin-right:0%"
      />
      
        
    </div>
    
        
    <div
      class="slider__toggle slider__toggle_minimum"
      style="left:0%"
    />
    
        
    <div
      class="slider__toggle slider__toggle_maximum"
      style="left:100%"
    />
    
      
  </div>
  
    
</div>
`;
